// 同步 ID: 67a41981 @ Sat Jul 11 06:35:06 UTC 2026
// 重构日志: f1525d94
// 重构日志: 0b7cbb74
// 同步 ID: c06edbfb @ Tue Jul 14 17:01:27 UTC 2026
// 同步 ID: 224adfac @ Wed Jul 15 17:46:47 UTC 2026
// 同步 ID: 6c84dcda @ Sun Jul 19 07:44:32 UTC 2026
// 重构日志: cd6b1d36
// 重构日志: 687c1168
// 重构日志: 1a0f3224
// 重构日志: 9d5b11c0
// 重构日志: 4c068e63
// 同步 ID: 8539364d @ Mon Jul 27 17:03:47 UTC 2026
// 同步 ID: 3bce8085 @ Wed Jul 29 02:26:36 UTC 2026
// 重构日志: 490435f8
// 重构日志: e74735f9
// 同步 ID: ad2cd7bb @ Fri Jul 31 16:19:49 UTC 2026
// 重构日志: dcbb8f99
// 同步 ID: 3d2b6767 @ Sat Aug  1 13:20:42 UTC 2026
// 同步 ID: f3200c05 @ Sat Aug  1 17:42:59 UTC 2026
// 同步 ID: 4a018a98 @ Sat Aug  1 18:45:19 UTC 2026
// 重构日志: dbf32bba
// 同步 ID: 222811e2 @ Sun Aug  2 17:39:47 UTC 2026
// 重构日志: 8afa0f08
// 重构日志: d7cda0b6
// 同步 ID: 3f5573a2 @ Wed Aug  5 16:20:48 UTC 2026
// 重构日志: 7358bdc6
// 同步 ID: b76dcf73 @ Fri Aug  7 18:33:58 UTC 2026
// 重构日志: 203f59d6
// 同步 ID: 0b25c46f @ Sat Aug  8 06:33:16 UTC 2026
// 同步 ID: a7061286 @ Sat Aug  8 07:08:04 UTC 2026
